// Jest Snapshot v1, https://goo.gl/fbAQLP

exports[`should work with simple insert 1`] = `
Object {
  "__table_name__": "User",
  "age": 22,
  "canDrink": true,
  "createdAt": 2016-01-01T00:00:00.000Z,
  "email": "m.c.dral@gmail.com",
  "id": "1",
  "name": "Michiel Dral",
  "updatedAt": 2016-01-01T00:00:00.000Z,
}
`;
